** Drc report for FCU3.kicad_pcb **
** Created on 2025-12-07T22:38:41+0000 **

** Found 28 DRC violations **
[lib_footprint_mismatch]: Footprint 'LQFP-64_10x10mm_P0.5mm' does not match copy in library 'Package_QFP'.
    ; warning
    @(143.35 mm, 93.52 mm): Footprint U3
[lib_footprint_mismatch]: Footprint 'SOT-23' does not match copy in library 'Package_TO_SOT_SMD'.
    ; warning
    @(154.1 mm, 97.1375 mm): Footprint Q1
[nonmirrored_text_on_back_layer]: Non-Mirrored text on back layer
    ; warning
    @(141.6 mm, 70.95 mm): PCB text 'CLK
' on B.Silkscreen
[nonmirrored_text_on_back_layer]: Non-Mirrored text on back layer
    ; warning
    @(150.1 mm, 70.85 mm): PCB text 'RST' on B.Silkscreen
[nonmirrored_text_on_back_layer]: Non-Mirrored text on back layer
    ; warning
    @(146.8 mm, 70.9 mm): PCB text 'VCC' on B.Silkscreen
[nonmirrored_text_on_back_layer]: Non-Mirrored text on back layer
    ; warning
    @(138.95 mm, 71.0 mm): PCB text 'DIO' on B.Silkscreen
[nonmirrored_text_on_back_layer]: Non-Mirrored text on back layer
    ; warning
    @(156.65 mm, 70.75 mm): PCB text 'GND' on B.Silkscreen
[annular_width]: Annular width (rule 'Pad Size' min annular width 0.1500 mm; actual 0.1150 mm)
    ; error (excluded)
    @(157.35 mm, 88.3875 mm): PTH pad 4 [+9V] of PS1
[annular_width]: Annular width (rule 'Pad Size' min annular width 0.1500 mm; actual 0.1150 mm)
    ; error (excluded)
    @(157.35 mm, 89.0375 mm): PTH pad 4 [+9V] of PS1
[annular_width]: Annular width (rule 'Pad Size' min annular width 0.1500 mm; actual 0.1150 mm)
    ; error (excluded)
    @(157.35 mm, 90.3375 mm): PTH pad 5 [unconnected-(PS1-SW-Pad5)_2] of PS1
[annular_width]: Annular width (rule 'Pad Size' min annular width 0.1500 mm; actual 0.1150 mm)
    ; error (excluded)
    @(157.35 mm, 90.9875 mm): PTH pad 5 [unconnected-(PS1-SW-Pad5)_3] of PS1
[silk_edge_clearance]: Silkscreen clipped by board edge
    ; warning (excluded)
    @(128.65 mm, 66.795 mm): Rectangle on Edge.Cuts
    @(136.71 mm, 68.195 mm): Segment of J3 on F.Silkscreen
[silk_edge_clearance]: Silkscreen clipped by board edge
    ; warning (excluded)
    @(128.65 mm, 66.795 mm): Rectangle on Edge.Cuts
    @(145.65 mm, 68.195 mm): Segment of J3 on F.Silkscreen
[hole_to_hole]: Drilled hole too close to other hole (rule 'pad to pad clearance (with hole, different nets)' min 0.4995 mm; actual 0.4500 mm)
    ; error (excluded)
    @(158.925 mm, 90.3375 mm): PTH pad 5 [unconnected-(PS1-SW-Pad5)_4] of PS1
    @(158.925 mm, 90.9875 mm): PTH pad 5 [unconnected-(PS1-SW-Pad5)_6] of PS1
[hole_to_hole]: Drilled hole too close to other hole (rule 'pad to pad clearance (with hole, different nets)' min 0.4995 mm; actual 0.4500 mm)
    ; error (excluded)
    @(158.137 mm, 90.9875 mm): PTH pad 5 [unconnected-(PS1-SW-Pad5)] of PS1
    @(158.137 mm, 90.3375 mm): PTH pad 5 [unconnected-(PS1-SW-Pad5)_1] of PS1
[hole_to_hole]: Drilled hole too close to other hole (rule 'pad to pad clearance (with hole, different nets)' min 0.4995 mm; actual 0.4500 mm)
    ; error (excluded)
    @(157.35 mm, 90.3375 mm): PTH pad 5 [unconnected-(PS1-SW-Pad5)_2] of PS1
    @(157.35 mm, 90.9875 mm): PTH pad 5 [unconnected-(PS1-SW-Pad5)_3] of PS1
[drill_out_of_range]: Hole size out of range (rule 'Pad Size' min hole 0.2500 mm; actual 0.2000 mm)
    ; error (excluded)
    @(158.925 mm, 88.3875 mm): PTH pad 4 [+9V] of PS1
[drill_out_of_range]: Hole size out of range (rule 'Pad Size' min hole 0.2500 mm; actual 0.2000 mm)
    ; error (excluded)
    @(158.137 mm, 88.3875 mm): PTH pad 4 [+9V] of PS1
[drill_out_of_range]: Hole size out of range (rule 'Pad Size' min hole 0.2500 mm; actual 0.2000 mm)
    ; error (excluded)
    @(157.35 mm, 88.3875 mm): PTH pad 4 [+9V] of PS1
[drill_out_of_range]: Hole size out of range (rule 'Pad Size' min hole 0.2500 mm; actual 0.2000 mm)
    ; error (excluded)
    @(158.925 mm, 89.0375 mm): PTH pad 4 [+9V] of PS1
[drill_out_of_range]: Hole size out of range (rule 'Pad Size' min hole 0.2500 mm; actual 0.2000 mm)
    ; error (excluded)
    @(158.137 mm, 89.0375 mm): PTH pad 4 [+9V] of PS1
[drill_out_of_range]: Hole size out of range (rule 'Pad Size' min hole 0.2500 mm; actual 0.2000 mm)
    ; error (excluded)
    @(157.35 mm, 89.0375 mm): PTH pad 4 [+9V] of PS1
[drill_out_of_range]: Hole size out of range (rule 'Pad Size' min hole 0.2500 mm; actual 0.2000 mm)
    ; error (excluded)
    @(158.925 mm, 90.3375 mm): PTH pad 5 [unconnected-(PS1-SW-Pad5)_4] of PS1
[drill_out_of_range]: Hole size out of range (rule 'Pad Size' min hole 0.2500 mm; actual 0.2000 mm)
    ; error (excluded)
    @(158.137 mm, 90.3375 mm): PTH pad 5 [unconnected-(PS1-SW-Pad5)_1] of PS1
[drill_out_of_range]: Hole size out of range (rule 'Pad Size' min hole 0.2500 mm; actual 0.2000 mm)
    ; error (excluded)
    @(157.35 mm, 90.3375 mm): PTH pad 5 [unconnected-(PS1-SW-Pad5)_2] of PS1
[drill_out_of_range]: Hole size out of range (rule 'Pad Size' min hole 0.2500 mm; actual 0.2000 mm)
    ; error (excluded)
    @(158.925 mm, 90.9875 mm): PTH pad 5 [unconnected-(PS1-SW-Pad5)_6] of PS1
[drill_out_of_range]: Hole size out of range (rule 'Pad Size' min hole 0.2500 mm; actual 0.2000 mm)
    ; error (excluded)
    @(158.137 mm, 90.9875 mm): PTH pad 5 [unconnected-(PS1-SW-Pad5)] of PS1
[drill_out_of_range]: Hole size out of range (rule 'Pad Size' min hole 0.2500 mm; actual 0.2000 mm)
    ; error (excluded)
    @(157.35 mm, 90.9875 mm): PTH pad 5 [unconnected-(PS1-SW-Pad5)_3] of PS1

** Found 0 unconnected pads **

** Found 5 Footprint errors **
[net_conflict]: No pad found for pin MP (PGND) in schematic.
    ; warning
    @(132.0 mm, 70.0825 mm): Footprint H1
[net_conflict]: No pad found for pin MP (PGND) in schematic.
    ; warning
    @(162.4 mm, 70.045 mm): Footprint H2
[net_conflict]: No pad found for pin MP (PGND) in schematic.
    ; warning
    @(131.9 mm, 100.545 mm): Footprint H3
[net_conflict]: No pad found for pin MP (PGND) in schematic.
    ; warning
    @(162.4 mm, 100.545 mm): Footprint H4
[footprint_symbol_mismatch]: KSE_connector:JST_SM08B-SRSS-TB(LF)(SN) doesn't match footprint given by symbol (KSE_connector:JST_SM08B-SRSS-TB_LF__SN_).
    ; warning
    @(128.95 mm, 82.345 mm): Footprint J4

** End of Report **
