** Drc report for FCU3.kicad_pcb **
** Created on 2025-12-13T20:03:36+0000 **

** Found 17 DRC violations **
[lib_footprint_mismatch]: Footprint 'LQFP-64_10x10mm_P0.5mm' does not match copy in library 'Package_QFP'.
    ; warning
    @(143.35 mm, 93.52 mm): Footprint U3
[lib_footprint_mismatch]: Footprint 'SOT-23' does not match copy in library 'Package_TO_SOT_SMD'.
    ; warning
    @(154.1 mm, 97.1375 mm): Footprint Q1
[hole_to_hole]: Drilled hole too close to other hole (rule 'pad to pad clearance (with hole, different nets)' min 0.4995 mm; actual 0.4500 mm)
    ; error (excluded)
    @(158.925 mm, 90.975 mm): PTH pad 5 [unconnected-(PS1-SW-Pad5)_2] of PS1
    @(158.925 mm, 90.325 mm): PTH pad 5 [unconnected-(PS1-SW-Pad5)_4] of PS1
[hole_to_hole]: Drilled hole too close to other hole (rule 'pad to pad clearance (with hole, different nets)' min 0.4995 mm; actual 0.4500 mm)
    ; error (excluded)
    @(158.137 mm, 90.325 mm): PTH pad 5 [unconnected-(PS1-SW-Pad5)_3] of PS1
    @(158.137 mm, 90.975 mm): PTH pad 5 [unconnected-(PS1-SW-Pad5)_5] of PS1
[hole_to_hole]: Drilled hole too close to other hole (rule 'pad to pad clearance (with hole, different nets)' min 0.4995 mm; actual 0.4500 mm)
    ; error (excluded)
    @(157.4 mm, 90.975 mm): PTH pad 5 [unconnected-(PS1-SW-Pad5)_1] of PS1
    @(157.4 mm, 90.325 mm): PTH pad 5 [unconnected-(PS1-SW-Pad5)_6] of PS1
[drill_out_of_range]: Hole size out of range (rule 'Pad Size' min hole 0.2500 mm; actual 0.2000 mm)
    ; error (excluded)
    @(158.925 mm, 88.375 mm): PTH pad 4 [+9V] of PS1
[drill_out_of_range]: Hole size out of range (rule 'Pad Size' min hole 0.2500 mm; actual 0.2000 mm)
    ; error (excluded)
    @(158.137 mm, 88.375 mm): PTH pad 4 [+9V] of PS1
[drill_out_of_range]: Hole size out of range (rule 'Pad Size' min hole 0.2500 mm; actual 0.2000 mm)
    ; error (excluded)
    @(157.4 mm, 88.375 mm): PTH pad 4 [+9V] of PS1
[drill_out_of_range]: Hole size out of range (rule 'Pad Size' min hole 0.2500 mm; actual 0.2000 mm)
    ; error (excluded)
    @(158.925 mm, 89.025 mm): PTH pad 4 [+9V] of PS1
[drill_out_of_range]: Hole size out of range (rule 'Pad Size' min hole 0.2500 mm; actual 0.2000 mm)
    ; error (excluded)
    @(158.137 mm, 89.025 mm): PTH pad 4 [+9V] of PS1
[drill_out_of_range]: Hole size out of range (rule 'Pad Size' min hole 0.2500 mm; actual 0.2000 mm)
    ; error (excluded)
    @(157.4 mm, 89.025 mm): PTH pad 4 [+9V] of PS1
[drill_out_of_range]: Hole size out of range (rule 'Pad Size' min hole 0.2500 mm; actual 0.2000 mm)
    ; error (excluded)
    @(158.925 mm, 90.325 mm): PTH pad 5 [unconnected-(PS1-SW-Pad5)_4] of PS1
[drill_out_of_range]: Hole size out of range (rule 'Pad Size' min hole 0.2500 mm; actual 0.2000 mm)
    ; error (excluded)
    @(158.137 mm, 90.325 mm): PTH pad 5 [unconnected-(PS1-SW-Pad5)_3] of PS1
[drill_out_of_range]: Hole size out of range (rule 'Pad Size' min hole 0.2500 mm; actual 0.2000 mm)
    ; error (excluded)
    @(157.4 mm, 90.325 mm): PTH pad 5 [unconnected-(PS1-SW-Pad5)_6] of PS1
[drill_out_of_range]: Hole size out of range (rule 'Pad Size' min hole 0.2500 mm; actual 0.2000 mm)
    ; error (excluded)
    @(158.925 mm, 90.975 mm): PTH pad 5 [unconnected-(PS1-SW-Pad5)_2] of PS1
[drill_out_of_range]: Hole size out of range (rule 'Pad Size' min hole 0.2500 mm; actual 0.2000 mm)
    ; error (excluded)
    @(158.137 mm, 90.975 mm): PTH pad 5 [unconnected-(PS1-SW-Pad5)_5] of PS1
[drill_out_of_range]: Hole size out of range (rule 'Pad Size' min hole 0.2500 mm; actual 0.2000 mm)
    ; error (excluded)
    @(157.4 mm, 90.975 mm): PTH pad 5 [unconnected-(PS1-SW-Pad5)_1] of PS1

** Found 0 unconnected pads **

** Found 0 Footprint errors **

** End of Report **
